<html>
<body>
<pre>
<h1>µVision Build Log</h1>
<h2>Tool Versions:</h2>
IDE-Version: ¦ÌVision V5.37.0.0
Copyright (C) 2022 ARM Ltd and ARM Germany GmbH. All rights reserved.
License Information: sheng cao, huazhong, LIC=YA39H-WWCZ5-BSZYX-HHS3J-HLE2K-HXCB1
 
Tool Versions:
Toolchain:       MDK-ARM Plus  Version: 5.37.0.0
Toolchain Path:  C:\Keil_v5\ARM\ARMCC\Bin
C Compiler:      Armcc.exe V5.06 update 3 (build 300)
Assembler:       Armasm.exe V5.06 update 3 (build 300)
Linker/Locator:  ArmLink.exe V5.06 update 3 (build 300)
Library Manager: ArmAr.exe V5.06 update 3 (build 300)
Hex Converter:   FromElf.exe V5.06 update 3 (build 300)
CPU DLL:         SARMCM3.DLL V5.37.0.0
Dialog DLL:      DCM.DLL V1.17.5.0
Target DLL:      STLink\ST-LINKIII-KEIL_SWO.dll V3.0.9.0
Dialog DLL:      TCM.DLL V1.56.1.0
 
<h2>Project:</h2>
C:\Users\csbeb\Desktop\WL_HAL\Robomaster_HAL\MDK-ARM\robomaster.uvprojx
Project File Date:  08/18/2022

<h2>Output:</h2>
*** Using Compiler 'V5.06 update 3 (build 300)', folder: 'C:\Keil_v5\ARM\ARMCC\Bin'
Rebuild target 'robomaster'
assembling startup_stm32f427xx.s...
compiling delay.c...
compiling gpio.c...
compiling can.c...
../Core/Src/can.c(125): warning:  #1035-D: single-precision operand implicitly converted to double-precision
  				Motor_1.SpeedMeasure =((float)(short)(aRxData[2]<<8 | aRxData[3]))/19.0;//*187.0/3591;   
../Core/Src/can.c(138): warning:  #1035-D: single-precision operand implicitly converted to double-precision
  				Motor_2.SpeedMeasure =((float)(short)(aRxData[2]<<8 | aRxData[3]))/19.0;//*187.0/3591;   
../Core/Src/can.c(152): warning:  #1035-D: single-precision operand implicitly converted to double-precision
  				Motor_3.SpeedMeasure =((float)(short)(aRxData[2]<<8 | aRxData[3]))/19.0;//*187.0/3591;   
../Core/Src/can.c(167): warning:  #1035-D: single-precision operand implicitly converted to double-precision
  				Motor_4.SpeedMeasure =((float)(short)(aRxData[2]<<8 | aRxData[3]))/19.0;//*187.0/3591;   
../Core/Src/can.c(181): warning:  #1035-D: single-precision operand implicitly converted to double-precision
  				Motor_5.SpeedMeasure =((float)(short)(aRxData[2]<<8 | aRxData[3]))/19.0;//*187.0/3591;   
../Core/Src/can.c(118): warning:  #177-D: variable "i" was declared but never referenced
  	uint8_t aRxData[8], i;
../Core/Src/can.c: 6 warnings, 0 errors
compiling sys.c...
compiling MyServo.c...
compiling main.c...
compiling key.c...
compiling motor_control.c...
compiling track.c...
compiling led.c...
compiling routeplan.c...
compiling stm32f4xx_hal_can.c...
compiling stm32f4xx_hal_flash_ramfunc.c...
compiling stm32f4xx_hal_flash_ex.c...
compiling stm32f4xx_hal_gpio.c...
compiling stm32f4xx_hal_rcc.c...
compiling stm32f4xx_hal_dma_ex.c...
compiling stm32f4xx_hal_msp.c...
compiling usart.c...
compiling stm32f4xx_it.c...
compiling stm32f4xx_hal_rcc_ex.c...
compiling stm32f4xx_hal_flash.c...
compiling stm32f4xx_hal.c...
compiling stm32f4xx_hal_exti.c...
compiling stm32f4xx_hal_pwr_ex.c...
compiling stm32f4xx_hal_dma.c...
compiling system_stm32f4xx.c...
compiling stm32f4xx_hal_cortex.c...
compiling stm32f4xx_hal_uart.c...
compiling stm32f4xx_hal_pwr.c...
compiling stm32f4xx_hal_tim_ex.c...
compiling stm32f4xx_hal_tim.c...
linking...
Program Size: Code=7938 RO-data=478 RW-data=16 ZI-data=2520  
FromELF: creating hex file...
"robomaster\robomaster.axf" - 0 Error(s), 6 Warning(s).

<h2>Software Packages used:</h2>

Package Vendor: ARM
                http://www.keil.com/pack/ARM.CMSIS.5.9.0.pack
                ARM.CMSIS.5.9.0
                CMSIS (Common Microcontroller Software Interface Standard)
   * Component: CORE Version: 5.6.0

Package Vendor: Keil
                http://www.keil.com/pack/Keil.STM32F4xx_DFP.2.16.0.pack
                Keil.STM32F4xx_DFP.2.16.0
                STMicroelectronics STM32F4 Series Device Support, Drivers and Examples

<h2>Collection of Component include folders:</h2>
  ./RTE/_robomaster
  C:/Keil_v5/ARM/PACK/ARM/CMSIS/5.9.0/CMSIS/Core/Include
  C:/Keil_v5/ARM/PACK/Keil/STM32F4xx_DFP/2.16.0/Drivers/CMSIS/Device/ST/STM32F4xx/Include

<h2>Collection of Component Files used:</h2>

   * Component: ARM::CMSIS:CORE:5.6.0
      Include file:  CMSIS/Core/Include/tz_context.h
Build Time Elapsed:  00:00:25
</pre>
</body>
</html>
